[Licensing::Module] Trying to connect to existing licensing client channel...
Built from '6000.2/staging' branch; Version is '6000.2.3f1 (c7638eb16d91) revision 13067150'; Using compiler version '194234433'; Build Type 'Release'
OS: 'Windows 11  (10.0.26100) 64bit Core' Language: 'ko' Physical Memory: 16066 MB
BatchMode: 1, IsHumanControllingUs: 0, StartBugReporterOnCrash: 0, Is64bit: 1
Date: 2025-10-27T14:23:21Z
[Licensing::IpcConnector] Successfully connected to: "LicenseClient-chico" at "2025-10-27T14:23:21.1708147Z"

COMMAND LINE ARGUMENTS:
C:\Program Files\Unity\Hub\Editor\6000.2.3f1-x86_64\Editor\Unity.exe
-adb2
-batchMode
-noUpm
-name
AssetImportWorker0
-projectPath
C:/Users/chico/source/perfect-butler/perfect-butler-game-main/PerfectButler
-logFile
Logs/AssetImportWorker0.log
-srvPort
61555
-licensingIpc
LicenseClient-chico
-job-worker-count
7
-background-job-worker-count
8
-gc-helper-count
1
-name
AssetImport
Successfully changed project path to: C:/Users/chico/source/perfect-butler/perfect-butler-game-main/PerfectButler
C:/Users/chico/source/perfect-butler/perfect-butler-game-main/PerfectButler
[UnityMemory] Configuration Parameters - Can be set up in boot.config
    "memorysetup-allocator-temp-initial-block-size-main=262144"
    "memorysetup-allocator-temp-initial-block-size-worker=262144"
    "memorysetup-bucket-allocator-granularity=16"
    "memorysetup-bucket-allocator-bucket-count=8"
    "memorysetup-bucket-allocator-block-size=33554432"
    "memorysetup-bucket-allocator-block-count=8"
    "memorysetup-main-allocator-block-size=16777216"
    "memorysetup-thread-allocator-block-size=16777216"
    "memorysetup-gfx-main-allocator-block-size=16777216"
    "memorysetup-gfx-thread-allocator-block-size=16777216"
    "memorysetup-cache-allocator-block-size=4194304"
    "memorysetup-typetree-allocator-block-size=2097152"
    "memorysetup-profiler-bucket-allocator-granularity=16"
    "memorysetup-profiler-bucket-allocator-bucket-count=8"
    "memorysetup-profiler-bucket-allocator-block-size=33554432"
    "memorysetup-profiler-bucket-allocator-block-count=8"
    "memorysetup-profiler-allocator-block-size=16777216"
    "memorysetup-profiler-editor-allocator-block-size=1048576"
    "memorysetup-temp-allocator-size-main=16777216"
    "memorysetup-job-temp-allocator-block-size=2097152"
    "memorysetup-job-temp-allocator-block-size-background=1048576"
    "memorysetup-job-temp-allocator-reduction-small-platforms=262144"
    "memorysetup-temp-allocator-size-background-worker=32768"
    "memorysetup-temp-allocator-size-job-worker=262144"
    "memorysetup-temp-allocator-size-preload-manager=33554432"
    "memorysetup-temp-allocator-size-nav-mesh-worker=65536"
    "memorysetup-temp-allocator-size-audio-worker=65536"
    "memorysetup-temp-allocator-size-cloud-worker=32768"
    "memorysetup-temp-allocator-size-gi-baking-worker=262144"
    "memorysetup-temp-allocator-size-gi-baking-worker=262144"
    "memorysetup-temp-allocator-size-gi-baking-worker=262144"
    "memorysetup-temp-allocator-size-gi-baking-worker=262144"
    "memorysetup-temp-allocator-size-gi-baking-worker=262144"
    "memorysetup-temp-allocator-size-gfx=262144"
Player connection [22184]  Target information:

Player connection [22184]  * "[IP] 192.168.56.1 [Port] 0 [Flags] 2 [Guid] 2510013883 [EditorId] 2510013883 [Version] 1048832 [Id] WindowsEditor(7,juna) [Debug] 1 [PackageName] WindowsEditor [ProjectName] Editor" 

Player connection [22184]  * "[IP] 192.168.35.37 [Port] 0 [Flags] 2 [Guid] 2510013883 [EditorId] 2510013883 [Version] 1048832 [Id] WindowsEditor(7,juna) [Debug] 1 [PackageName] WindowsEditor [ProjectName] Editor" 

Player connection [22184] Host joined multi-casting on [225.0.0.222:54997]...
Player connection [22184] Host joined alternative multi-casting on [225.0.0.222:34997]...
JobSystem: Creating JobQueue using job-worker-count value 7
Input System module state changed to: Initialized.
[Physics::Module] Initialized fallback backend.
[Physics::Module] Id: 0xdecafbad
[Licensing::Client] Code 10 while verifying Licensing Client signature (process Id: 29008, path: "C:/Program Files/Unity/Hub/Editor/6000.2.3f1-x86_64/Editor/Data/Resources/Licensing/Client/Unity.Licensing.Client.exe")
[Licensing::Module] LicensingClient has failed validation; ignoring
[Licensing::Client] Handshaking with LicensingClient:
  Version:                 1.17.2+ff71f16
  Session Id:              9b8e878be52e489598fd650c1a679547
  Correlation Id:          ec9ac9effdd499c2e96eab64aef935a0
  External correlation Id: 9217480158330326570
  Machine Id:              H+hiN5Ixv3yxmwFhN/qOqe5GjTs=
[Licensing::Module] Successfully connected to LicensingClient on channel: "LicenseClient-chico" (connect: 0.00s, validation: 0.00s, handshake: 0.05s)
[Licensing::IpcConnector] Successfully connected to: "LicenseClient-chico-notifications" at "2025-10-27T14:23:21.2248798Z"
[Licensing::Module] Licensing Background thread has ended after 0.06s
Library Redirect Path: Library/
[Physics::Module] Selected backend.
[Physics::Module] Name: PhysX
[Physics::Module] Id: 0xf2b8ea05
[Physics::Module] SDK Version: 4.1.2
[Physics::Module] Integration Version: 1.0.0
[Physics::Module] Threading Mode: Multi-Threaded
Refreshing native plugins compatible for Editor in 2.88 ms, found 3 plugins.
Preloading 0 native plugins for Editor in 0.00 ms.
Initialize engine version: 6000.2.3f1 (c7638eb16d91)
[Subsystems] Discovering subsystems at path C:/Program Files/Unity/Hub/Editor/6000.2.3f1-x86_64/Editor/Data/Resources/UnitySubsystems
[Subsystems] Discovering subsystems at path C:/Users/chico/source/perfect-butler/perfect-butler-game-main/PerfectButler/Assets
GfxDevice: creating device client; kGfxThreadingModeNonThreaded
d3d12: failed to query info queue interface (0x80004002).
Direct3D:
    Version:         Direct3D 12 [level 12.1]
    Renderer:        NVIDIA GeForce MX570 A (ID=0x25aa)
    Vendor:          NVIDIA
    VRAM:            1957 MB
    App VRAM Budget: 1663 MB
    Driver:          31.0.15.1659
Initialize mono
Mono path[0] = 'C:/Program Files/Unity/Hub/Editor/6000.2.3f1-x86_64/Editor/Data/Managed'
Mono path[1] = 'C:/Program Files/Unity/Hub/Editor/6000.2.3f1-x86_64/Editor/Data/MonoBleedingEdge/lib/mono/unityjit-win32'
Mono config path = 'C:/Program Files/Unity/Hub/Editor/6000.2.3f1-x86_64/Editor/Data/MonoBleedingEdge/etc'
Using monoOptions --debugger-agent=transport=dt_socket,embedding=1,server=y,suspend=n,address=127.0.0.1:56756
Begin MonoManager ReloadAssembly
Registering precompiled unity dll's ...
Register platform support module: C:/Program Files/Unity/Hub/Editor/6000.2.3f1-x86_64/Editor/Data/PlaybackEngines/WebGLSupport/UnityEditor.WebGL.Extensions.dll
Register platform support module: C:/Program Files/Unity/Hub/Editor/6000.2.3f1-x86_64/Editor/Data/PlaybackEngines/WindowsStandaloneSupport/UnityEditor.WindowsStandalone.Extensions.dll
Registered in 0.003187 seconds.
- Loaded All Assemblies, in  0.498 seconds
Native extension for WindowsStandalone target not found
Native extension for WebGL target not found
Mono: successfully reloaded assembly
- Finished resetting the current domain, in  0.514 seconds
Domain Reload Profiling: 1010ms
	BeginReloadAssembly (147ms)
		ExecutionOrderSort (0ms)
		DisableScriptedObjects (0ms)
		BackupInstance (0ms)
		ReleaseScriptingObjects (0ms)
		CreateAndSetChildDomain (1ms)
	RebuildCommonClasses (47ms)
	RebuildNativeTypeToScriptingClass (17ms)
	initialDomainReloadingComplete (61ms)
	LoadAllAssembliesAndSetupDomain (222ms)
		LoadAssemblies (146ms)
		RebuildTransferFunctionScriptingTraits (0ms)
		AnalyzeDomain (218ms)
			TypeCache.Refresh (215ms)
				TypeCache.ScanAssembly (199ms)
			BuildScriptInfoCaches (0ms)
			ResolveRequiredComponents (1ms)
	FinalizeReload (514ms)
		ReleaseScriptCaches (0ms)
		RebuildScriptCaches (0ms)
		SetupLoadedEditorAssemblies (453ms)
			LogAssemblyErrors (0ms)
			InitializePlatformSupportModulesInManaged (70ms)
			SetLoadedEditorAssemblies (4ms)
			BeforeProcessingInitializeOnLoad (114ms)
			ProcessInitializeOnLoadAttributes (202ms)
			ProcessInitializeOnLoadMethodAttributes (62ms)
			AfterProcessingInitializeOnLoad (0ms)
			EditorAssembliesLoaded (0ms)
		ExecutionOrderSort2 (0ms)
		AwakeInstancesAfterBackupRestoration (0ms)
========================================================================
Worker process is ready to serve import requests
Import Worker Mode flag is 0x00
Begin MonoManager ReloadAssembly
[Licensing::Client] Successfully resolved entitlement details
[Licensing::Module] License group:
  Id: 14569678279650-UnityPersXXXX
  Product: Unity Personal
  Type: Assigned
  Expiration: Unlimited
- Loaded All Assemblies, in  0.916 seconds
Refreshing native plugins compatible for Editor in 1.05 ms, found 3 plugins.
Native extension for WindowsStandalone target not found
Native extension for WebGL target not found
Package Manager log level set to [2]
[Package Manager] Failed to launch server process. Reason: Unity was launched with the -noUpm command-line argument
[Package Manager] Unable to send message (not connected to server process).
[Package Manager] Cannot connect to Unity Package Manager local server
Mono: successfully reloaded assembly
- Finished resetting the current domain, in  0.898 seconds
Domain Reload Profiling: 1812ms
	BeginReloadAssembly (231ms)
		ExecutionOrderSort (0ms)
		DisableScriptedObjects (6ms)
		BackupInstance (0ms)
		ReleaseScriptingObjects (0ms)
		CreateAndSetChildDomain (36ms)
	RebuildCommonClasses (39ms)
	RebuildNativeTypeToScriptingClass (15ms)
	initialDomainReloadingComplete (48ms)
	LoadAllAssembliesAndSetupDomain (580ms)
		LoadAssemblies (404ms)
		RebuildTransferFunctionScriptingTraits (0ms)
		AnalyzeDomain (288ms)
			TypeCache.Refresh (210ms)
				TypeCache.ScanAssembly (195ms)
			BuildScriptInfoCaches (61ms)
			ResolveRequiredComponents (13ms)
	FinalizeReload (899ms)
		ReleaseScriptCaches (0ms)
		RebuildScriptCaches (0ms)
		SetupLoadedEditorAssemblies (744ms)
			LogAssemblyErrors (0ms)
			InitializePlatformSupportModulesInManaged (5ms)
			SetLoadedEditorAssemblies (8ms)
			BeforeProcessingInitializeOnLoad (192ms)
			ProcessInitializeOnLoadAttributes (448ms)
			ProcessInitializeOnLoadMethodAttributes (84ms)
			AfterProcessingInitializeOnLoad (5ms)
			EditorAssembliesLoaded (0ms)
		ExecutionOrderSort2 (0ms)
		AwakeInstancesAfterBackupRestoration (8ms)
WARNING: Shader Unsupported: 'Hidden/Universal Render Pipeline/Terrain/Lit (Base Pass)' - All subshaders removed
WARNING: Shader Did you use #pragma only_renderers and omit this platform?
WARNING: Shader If subshaders removal was intentional, you may have forgotten turning Fallback off?
WARNING: Shader Unsupported: 'Hidden/Universal Render Pipeline/Terrain/Lit (Base Pass)' - All subshaders removed
WARNING: Shader Did you use #pragma only_renderers and omit this platform?
WARNING: Shader If subshaders removal was intentional, you may have forgotten turning Fallback off?
WARNING: Shader Unsupported: 'Universal Render Pipeline/Terrain/Lit' - All subshaders removed
WARNING: Shader Did you use #pragma only_renderers and omit this platform?
WARNING: Shader If subshaders removal was intentional, you may have forgotten turning Fallback off?
WARNING: Shader Unsupported: 'Universal Render Pipeline/Terrain/Lit' - All subshaders removed
WARNING: Shader Did you use #pragma only_renderers and omit this platform?
WARNING: Shader If subshaders removal was intentional, you may have forgotten turning Fallback off?
Launched and connected shader compiler UnityShaderCompiler.exe after 0.01 seconds
Refreshing native plugins compatible for Editor in 1.93 ms, found 3 plugins.
Preloading 0 native plugins for Editor in 0.00 ms.
Unloading 33 Unused Serialized files (Serialized files now loaded: 0)
Unloading 6116 unused Assets / (6.9 MB). Loaded Objects now: 6660.
Memory consumption went from 126.1 MB to 119.2 MB.
Total: 10.372900 ms (FindLiveObjects: 0.992600 ms CreateObjectMapping: 0.513600 ms MarkObjects: 4.632700 ms  DeleteObjects: 4.231400 ms)

========================================================================
Received Import Request.
  Time since last request: 553368.288656 seconds.
  path: Assets/_Project/Scripts/C# Script/PlayerMovement.cs
  artifactKey: Guid(47fbb1093c7a1cf42b9b6b249e7e5754) Importer(815301076,1909f56bfc062723c751e8b465ee728b)
Start importing Assets/_Project/Scripts/C# Script/PlayerMovement.cs using Guid(47fbb1093c7a1cf42b9b6b249e7e5754) Importer(815301076,1909f56bfc062723c751e8b465ee728b) (PreviewImporter) -> (artifact id: '87502768783a58244c91c68b7a712002') in 0.0063611 seconds
Number of updated asset objects reloaded before import = 0Number of asset objects unloaded after import = 0

========================================================================
Received Import Request.
  Time since last request: 18.195263 seconds.
  path: Assets/Cats/Animator controller/sit.controller
  artifactKey: Guid(10ed85d8775e479419ef947eba21764f) Importer(815301076,1909f56bfc062723c751e8b465ee728b)
Start importing Assets/Cats/Animator controller/sit.controller using Guid(10ed85d8775e479419ef947eba21764f) Importer(815301076,1909f56bfc062723c751e8b465ee728b) (PreviewImporter) -> (artifact id: 'e3226b52369489e2b71f867922ab5c70') in 0.0467764 seconds
Number of updated asset objects reloaded before import = 0Number of asset objects unloaded after import = 4

========================================================================
Received Import Request.
  Time since last request: 7.004153 seconds.
  path: Assets/Hyper Casual Characters/Base Mesh/spade.fbx
  artifactKey: Guid(5eb3c97ec0e321847a61ea50873e7064) Importer(815301076,1909f56bfc062723c751e8b465ee728b)
Start importing Assets/Hyper Casual Characters/Base Mesh/spade.fbx using Guid(5eb3c97ec0e321847a61ea50873e7064) Importer(815301076,1909f56bfc062723c751e8b465ee728b) (PreviewImporter) -> (artifact id: '04a759fb0b842e718c7f3f4ff0ad4276') in 0.3259147 seconds
Number of updated asset objects reloaded before import = 0Number of asset objects unloaded after import = 10

========================================================================
Received Import Request.
  Time since last request: 0.000043 seconds.
  path: Assets/Hyper Casual Characters/Base Mesh/stickman_3.fbx
  artifactKey: Guid(f3ff895ef82a5154da206a1c4e33c042) Importer(815301076,1909f56bfc062723c751e8b465ee728b)
Start importing Assets/Hyper Casual Characters/Base Mesh/stickman_3.fbx using Guid(f3ff895ef82a5154da206a1c4e33c042) Importer(815301076,1909f56bfc062723c751e8b465ee728b) (PreviewImporter) -> (artifact id: '2ef64d4e51db6b4eb6a5fdcd0bdbc816') in 0.0434649 seconds
Number of updated asset objects reloaded before import = 0Number of asset objects unloaded after import = 132

========================================================================
Received Import Request.
  Time since last request: 0.000053 seconds.
  path: Assets/Hyper Casual Characters/Base Mesh/stickman_6.fbx
  artifactKey: Guid(f18831ad403b4c947a356d98684bace1) Importer(815301076,1909f56bfc062723c751e8b465ee728b)
Start importing Assets/Hyper Casual Characters/Base Mesh/stickman_6.fbx using Guid(f18831ad403b4c947a356d98684bace1) Importer(815301076,1909f56bfc062723c751e8b465ee728b) (PreviewImporter) -> (artifact id: '5fee5f283249ea2c62cb62be0d8fdc16') in 0.0494998 seconds
Number of updated asset objects reloaded before import = 0Number of asset objects unloaded after import = 132

========================================================================
Received Import Request.
  Time since last request: 0.000036 seconds.
  path: Assets/Hyper Casual Characters/Base Mesh/stickman_5.fbx
  artifactKey: Guid(d6bb2aff0b9dc0241be3cc17cda94ab3) Importer(815301076,1909f56bfc062723c751e8b465ee728b)
Start importing Assets/Hyper Casual Characters/Base Mesh/stickman_5.fbx using Guid(d6bb2aff0b9dc0241be3cc17cda94ab3) Importer(815301076,1909f56bfc062723c751e8b465ee728b) (PreviewImporter) -> (artifact id: '5c66a8211e981a334b01e76be636da59') in 0.0921041 seconds
Number of updated asset objects reloaded before import = 0Number of asset objects unloaded after import = 140

========================================================================
Received Import Request.
  Time since last request: 0.000035 seconds.
  path: Assets/Hyper Casual Characters/Base Mesh/stickman_2.fbx
  artifactKey: Guid(c1a48883f7cd9014a8ba849bb09547a7) Importer(815301076,1909f56bfc062723c751e8b465ee728b)
Start importing Assets/Hyper Casual Characters/Base Mesh/stickman_2.fbx using Guid(c1a48883f7cd9014a8ba849bb09547a7) Importer(815301076,1909f56bfc062723c751e8b465ee728b) (PreviewImporter) -> (artifact id: 'a22e49638387e7f9ee559f1c9379974a') in 0.0721965 seconds
Number of updated asset objects reloaded before import = 0Number of asset objects unloaded after import = 132

========================================================================
Received Import Request.
  Time since last request: 0.000034 seconds.
  path: Assets/Hyper Casual Characters/Base Mesh/stickman_7.fbx
  artifactKey: Guid(fc45c545af9b8db40946bef8d93b6923) Importer(815301076,1909f56bfc062723c751e8b465ee728b)
Start importing Assets/Hyper Casual Characters/Base Mesh/stickman_7.fbx using Guid(fc45c545af9b8db40946bef8d93b6923) Importer(815301076,1909f56bfc062723c751e8b465ee728b) (PreviewImporter) -> (artifact id: '66fb19e63ba83ec9af826a2efffdc97e') in 0.0483163 seconds
Number of updated asset objects reloaded before import = 0Number of asset objects unloaded after import = 132

========================================================================
Received Import Request.
  Time since last request: 0.000050 seconds.
  path: Assets/Hyper Casual Characters/Base Mesh/stickman_8.fbx
  artifactKey: Guid(5558dc79d0852db43b267dac26e05346) Importer(815301076,1909f56bfc062723c751e8b465ee728b)
Start importing Assets/Hyper Casual Characters/Base Mesh/stickman_8.fbx using Guid(5558dc79d0852db43b267dac26e05346) Importer(815301076,1909f56bfc062723c751e8b465ee728b) (PreviewImporter) -> (artifact id: '7ff306a1e8297bc2be4d8fd1af419506') in 0.0712589 seconds
Number of updated asset objects reloaded before import = 0Number of asset objects unloaded after import = 132

========================================================================
Received Import Request.
  Time since last request: 14.708726 seconds.
  path: Assets/Hyper Casual Characters/Materials/Material.mat
  artifactKey: Guid(24d73d1e6667e2744a51f5292eda460c) Importer(815301076,1909f56bfc062723c751e8b465ee728b)
Start importing Assets/Hyper Casual Characters/Materials/Material.mat using Guid(24d73d1e6667e2744a51f5292eda460c) Importer(815301076,1909f56bfc062723c751e8b465ee728b) (PreviewImporter) -> (artifact id: '7570cc473f6e7bf1df4a914ac9c6b82e') in 0.040976 seconds
Number of updated asset objects reloaded before import = 0Number of asset objects unloaded after import = 1

========================================================================
Received Import Request.
  Time since last request: 0.000166 seconds.
  path: Assets/Hyper Casual Characters/Materials/Material.008.mat
  artifactKey: Guid(a0eca216185c98e45afb5252a67735f1) Importer(815301076,1909f56bfc062723c751e8b465ee728b)
Start importing Assets/Hyper Casual Characters/Materials/Material.008.mat using Guid(a0eca216185c98e45afb5252a67735f1) Importer(815301076,1909f56bfc062723c751e8b465ee728b) (PreviewImporter) -> (artifact id: 'b7ec1d04f77a50d39fc4d24d9708c725') in 0.0264322 seconds
Number of updated asset objects reloaded before import = 0Number of asset objects unloaded after import = 1

========================================================================
Received Import Request.
  Time since last request: 0.001069 seconds.
  path: Assets/Hyper Casual Characters/Materials/Material.009.mat
  artifactKey: Guid(69486f7c95c8369428d7330abbaba39e) Importer(815301076,1909f56bfc062723c751e8b465ee728b)
Start importing Assets/Hyper Casual Characters/Materials/Material.009.mat using Guid(69486f7c95c8369428d7330abbaba39e) Importer(815301076,1909f56bfc062723c751e8b465ee728b) (PreviewImporter) -> (artifact id: '5c691d311a774ca1f4efc34539b0101e') in 0.0310472 seconds
Number of updated asset objects reloaded before import = 0Number of asset objects unloaded after import = 1

========================================================================
Received Import Request.
  Time since last request: 0.000302 seconds.
  path: Assets/Hyper Casual Characters/Materials/Material.007.mat
  artifactKey: Guid(0a57309839d872a4a8efc50fdfabfc1a) Importer(815301076,1909f56bfc062723c751e8b465ee728b)
Start importing Assets/Hyper Casual Characters/Materials/Material.007.mat using Guid(0a57309839d872a4a8efc50fdfabfc1a) Importer(815301076,1909f56bfc062723c751e8b465ee728b) (PreviewImporter) -> (artifact id: '31409b30a30946600a3e61badb1194bc') in 0.0739979 seconds
Number of updated asset objects reloaded before import = 0Number of asset objects unloaded after import = 1

========================================================================
Received Import Request.
  Time since last request: 0.939260 seconds.
  path: Assets/Hyper Casual Characters/Prefab/stickman_2.prefab
  artifactKey: Guid(fc4174834ee7f204d90018522879a07d) Importer(815301076,1909f56bfc062723c751e8b465ee728b)
Start importing Assets/Hyper Casual Characters/Prefab/stickman_2.prefab using Guid(fc4174834ee7f204d90018522879a07d) Importer(815301076,1909f56bfc062723c751e8b465ee728b) (PreviewImporter) -> (artifact id: 'd1360cd9a1368657544834697ea03e6c') in 0.0591665 seconds
Number of updated asset objects reloaded before import = 0Number of asset objects unloaded after import = 267

========================================================================
Received Import Request.
  Time since last request: 0.000020 seconds.
  path: Assets/Hyper Casual Characters/Prefab/stickman_6.prefab
  artifactKey: Guid(9f391bd9d71fbca48a54f6e4c427491b) Importer(815301076,1909f56bfc062723c751e8b465ee728b)
Start importing Assets/Hyper Casual Characters/Prefab/stickman_6.prefab using Guid(9f391bd9d71fbca48a54f6e4c427491b) Importer(815301076,1909f56bfc062723c751e8b465ee728b) (PreviewImporter) -> (artifact id: 'ed323e707d3c65b7b0fd7c3c23d6ef1d') in 0.0466427 seconds
Number of updated asset objects reloaded before import = 0Number of asset objects unloaded after import = 267

========================================================================
Received Import Request.
  Time since last request: 13.926213 seconds.
  path: Assets/Settings/Mobile_Renderer.asset
  artifactKey: Guid(65bc7dbf4170f435aa868c779acfb082) Importer(815301076,1909f56bfc062723c751e8b465ee728b)
Start importing Assets/Settings/Mobile_Renderer.asset using Guid(65bc7dbf4170f435aa868c779acfb082) Importer(815301076,1909f56bfc062723c751e8b465ee728b) (PreviewImporter)Failed to load 'C:/Users/chico/source/perfect-butler/perfect-butler-game-main/PerfectButler/Assets/Settings/Mobile_Renderer.asset'. File may be corrupted or was serialized with a newer version of Unity.
 -> (artifact id: '2251fd047e4cc9bfc16bd81225d72ca9') in 0.0015815 seconds
Number of updated asset objects reloaded before import = 0Number of asset objects unloaded after import = 0

========================================================================
Received Import Request.
  Time since last request: 0.000155 seconds.
  path: Assets/Settings/SampleSceneProfile.asset
  artifactKey: Guid(10fc4df2da32a41aaa32d77bc913491c) Importer(815301076,1909f56bfc062723c751e8b465ee728b)
Start importing Assets/Settings/SampleSceneProfile.asset using Guid(10fc4df2da32a41aaa32d77bc913491c) Importer(815301076,1909f56bfc062723c751e8b465ee728b) (PreviewImporter)Failed to load 'C:/Users/chico/source/perfect-butler/perfect-butler-game-main/PerfectButler/Assets/Settings/SampleSceneProfile.asset'. File may be corrupted or was serialized with a newer version of Unity.
 -> (artifact id: 'fff5a5154367ebea9d151bcd0f01db48') in 0.0011825 seconds
Number of updated asset objects reloaded before import = 0Number of asset objects unloaded after import = 0

Editor requested this worker to shutdown with reason: Scaling down because of idle timeout
AssetImportWorker is now disconnected from the server
Process exiting
Exiting without the bug reporter. Application will terminate with return code 0